Vivado Simulator v2023.2
Copyright 1986-2022 Xilinx, Inc. All Rights Reserved.
Copyright 2022-2023 Advanced Micro Devices, Inc. All Rights Reserved.
Running: D:/AMD/Vivado/2023.2/bin/unwrapped/win64.o/xelab.exe --incr --debug typical --relax --mt 2 -L xil_defaultlib -L unisims_ver -L unimacro_ver -L secureip --snapshot BIST_DATAPATH_TB_behav xil_defaultlib.BIST_DATAPATH_TB xil_defaultlib.glbl -log elaborate.log 
Using 2 slave threads.
Starting static elaboration
Pass Through NonSizing Optimizer
Completed static elaboration
Starting simulation data flow analysis
WARNING: [XSIM 43-4100] "G:/My Drive/INTERVIEW_PREPARATION/INTERVIEW_PREPARATION/codings and lab/ASIC_DESIGNS/BIST/bist_datapath/project_1/project_1.sim/sim_1/behav/xsim/glbl.v" Line 6. Module glbl has a timescale but at least one module in design doesn't have timescale.
WARNING: [XSIM 43-4100] "G:/My Drive/INTERVIEW_PREPARATION/INTERVIEW_PREPARATION/codings and lab/ASIC_DESIGNS/BIST/bist_datapath/project_1/project_1.sim/sim_1/behav/xsim/glbl.v" Line 6. Module glbl has a timescale but at least one module in design doesn't have timescale.
Completed simulation data flow analysis
Time Resolution for simulation is 1ps
Compiling module xil_defaultlib.Ring_counter
Compiling module xil_defaultlib.Johnson_counter
Compiling module xil_defaultlib.LFSR
Compiling module xil_defaultlib.mux_4x1
Compiling module xil_defaultlib.clock_gate
Compiling module xil_defaultlib.BIST_DATAPATH
Compiling module xil_defaultlib.BIST_DATAPATH_TB
Compiling module xil_defaultlib.glbl
Built simulation snapshot BIST_DATAPATH_TB_behav
